<?xml version="1.0" encoding="UTF-8"?>
<testsuites name="jest tests" tests="29" failures="0" errors="0" time="2.652">
  <testsuite name="Lib container" errors="0" failures="0" skipped="0" timestamp="2020-12-26T14:08:05" time="0.969" tests="5">
    <testcase classname="Lib container Container addModule" name="Lib container Container addModule" time="0.061">
    </testcase>
    <testcase classname="Lib container Container getModule" name="Lib container Container getModule" time="0.015">
    </testcase>
    <testcase classname="Lib container Container circular dependency" name="Lib container Container circular dependency" time="0.003">
    </testcase>
    <testcase classname="Lib container Container addModuleDir" name="Lib container Container addModuleDir" time="0.011">
    </testcase>
    <testcase classname="Lib container Container intanciateModules" name="Lib container Container intanciateModules" time="0.008">
    </testcase>
  </testsuite>
  <testsuite name="Lib logger" errors="0" failures="0" skipped="0" timestamp="2020-12-26T14:08:06" time="0.466" tests="4">
    <testcase classname="Lib logger Logger log methods" name="Lib logger Logger log methods" time="0.009">
    </testcase>
    <testcase classname="Lib logger Logger file transport" name="Lib logger Logger file transport" time="0.142">
    </testcase>
    <testcase classname="Lib logger Logger error" name="Lib logger Logger error" time="0.002">
    </testcase>
    <testcase classname="Lib logger Logger exit" name="Lib logger Logger exit" time="0.102">
    </testcase>
  </testsuite>
  <testsuite name="App" errors="0" failures="0" skipped="0" timestamp="2020-12-26T14:08:06" time="0.271" tests="11">
    <testcase classname="App App init" name="App App init" time="0.014">
    </testcase>
    <testcase classname="App App start" name="App App start" time="0.003">
    </testcase>
    <testcase classname="App App addPlugin" name="App App addPlugin" time="0.002">
    </testcase>
    <testcase classname="App App getPlugin" name="App App getPlugin" time="0.002">
    </testcase>
    <testcase classname="App App getNodeEnv" name="App App getNodeEnv" time="0.001">
    </testcase>
    <testcase classname="App App exit" name="App App exit" time="0.012">
    </testcase>
    <testcase classname="App App exit handler" name="App App exit handler" time="0.004">
    </testcase>
    <testcase classname="App App uncaughtException" name="App App uncaughtException" time="0.004">
    </testcase>
    <testcase classname="App App unhandledRejection" name="App App unhandledRejection" time="0.004">
    </testcase>
    <testcase classname="App App stop" name="App App stop" time="0.002">
    </testcase>
    <testcase classname="App App log" name="App App log" time="0.008">
    </testcase>
  </testsuite>
  <testsuite name="Lib plugin-manager" errors="0" failures="0" skipped="0" timestamp="2020-12-26T14:08:07" time="0.228" tests="3">
    <testcase classname="Lib plugin-manager PM unknow npm dependency" name="Lib plugin-manager PM unknow npm dependency" time="0.035">
    </testcase>
    <testcase classname="Lib plugin-manager PM circular dependency" name="Lib plugin-manager PM circular dependency" time="0.004">
    </testcase>
    <testcase classname="Lib plugin-manager PM getPlugin" name="Lib plugin-manager PM getPlugin" time="0.004">
    </testcase>
  </testsuite>
  <testsuite name="Lib utils" errors="0" failures="0" skipped="0" timestamp="2020-12-26T14:08:07" time="0.193" tests="5">
    <testcase classname="Lib utils Utils timer" name="Lib utils Utils timer" time="0.01">
    </testcase>
    <testcase classname="Lib utils Utils isObject" name="Lib utils Utils isObject" time="0.001">
    </testcase>
    <testcase classname="Lib utils Utils asyncGlob" name="Lib utils Utils asyncGlob" time="0.004">
    </testcase>
    <testcase classname="Lib utils Utils asyncFileExists" name="Lib utils Utils asyncFileExists" time="0.009">
    </testcase>
    <testcase classname="Lib utils Utils asyncIsWritable" name="Lib utils Utils asyncIsWritable" time="0.002">
    </testcase>
  </testsuite>
  <testsuite name="Lib config" errors="0" failures="0" skipped="0" timestamp="2020-12-26T14:08:07" time="0.146" tests="1">
    <testcase classname="Lib config loadConfig" name="Lib config loadConfig" time="0.018">
    </testcase>
  </testsuite>
</testsuites>